[main ada283e] Publish Andong 3D Atlas with relay experience and demo videos
 708 files changed, 28717 insertions(+), 1 deletion(-)
 create mode 100644 andong-atlas/.dockerignore
 create mode 100644 andong-atlas/.env.example
 create mode 100644 andong-atlas/.gitignore
 create mode 100644 andong-atlas/.railwayignore
 create mode 100644 andong-atlas/DESIGN.md
 create mode 100644 andong-atlas/Dockerfile
 create mode 100644 andong-atlas/QA.md
 create mode 100644 andong-atlas/README.md
 create mode 100644 andong-atlas/REFERENCE_COMPARISON.md
 create mode 100644 andong-atlas/RELAY_IMPLEMENTATION.md
 create mode 100644 andong-atlas/docs/ATTRIBUTIONS.md
 create mode 100644 andong-atlas/docs/VIDEOS.md
 create mode 100644 andong-atlas/docs/media/andong-overview.mp4
 create mode 100644 andong-atlas/docs/media/andong-relay.mp4
 create mode 100644 andong-atlas/docs/media/bridge-mobile.jpg
 create mode 100644 andong-atlas/docs/media/overview-poster.jpg
 create mode 100644 andong-atlas/docs/media/overview-preview.gif
 create mode 100644 andong-atlas/docs/media/popup-mobile.jpg
 create mode 100644 andong-atlas/docs/media/relay-poster.jpg
 create mode 100644 andong-atlas/docs/media/restaurant.jpg
 create mode 100644 andong-atlas/index.html
 create mode 100644 andong-atlas/package-lock.json
 create mode 100644 andong-atlas/package.json
 create mode 100644 andong-atlas/public/assets/relay/document/stage-1-image1.webp
 create mode 100644 andong-atlas/public/assets/relay/document/stage-1-image10.webp
 create mode 100644 andong-atlas/public/assets/relay/document/stage-1-image11.webp
 create mode 100644 andong-atlas/public/assets/relay/document/stage-1-image12.webp
 create mode 100644 andong-atlas/public/assets/relay/document/stage-1-image13.webp
 create mode 100644 andong-atlas/public/assets/relay/document/stage-1-image14.webp
 create mode 100644 andong-atlas/public/assets/relay/document/stage-1-image15.webp
 create mode 100644 andong-atlas/public/assets/relay/document/stage-1-image16.webp
 create mode 100644 andong-atlas/public/assets/relay/document/stage-1-image17.webp
 create mode 100644 andong-atlas/public/assets/relay/document/stage-1-image18.webp
 create mode 100644 andong-atlas/public/assets/relay/document/stage-1-image2.webp
 create mode 100644 andong-atlas/public/assets/relay/document/stage-1-image3.webp
 create mode 100644 andong-atlas/public/assets/relay/document/stage-1-image4.webp
 create mode 100644 andong-atlas/public/assets/relay/document/stage-1-image5.webp
 create mode 100644 andong-atlas/public/assets/relay/document/stage-1-image6.webp
 create mode 100644 andong-atlas/public/assets/relay/document/stage-1-image7.webp
 create mode 100644 andong-atlas/public/assets/relay/document/stage-1-image8.webp
 create mode 100644 andong-atlas/public/assets/relay/document/stage-1-image9.webp
 create mode 100644 andong-atlas/public/assets/relay/document/stage-2-image1.webp
 create mode 100644 andong-atlas/public/assets/relay/document/stage-2-image10.webp
 create mode 100644 andong-atlas/public/assets/relay/document/stage-2-image11.webp
 create mode 100644 andong-atlas/public/assets/relay/document/stage-2-image2.webp
 create mode 100644 andong-atlas/public/assets/relay/document/stage-2-image3.webp
 create mode 100644 andong-atlas/public/assets/relay/document/stage-2-image4.webp
 create mode 100644 andong-atlas/public/assets/relay/document/stage-2-image5.webp
 create mode 100644 andong-atlas/public/assets/relay/document/stage-2-image6.webp
 create mode 100644 andong-atlas/public/assets/relay/document/stage-2-image7.webp
 create mode 100644 andong-atlas/public/assets/relay/document/stage-2-image8.webp
 create mode 100644 andong-atlas/public/assets/relay/document/stage-2-image9.webp
 create mode 100644 andong-atlas/public/assets/relay/document/stage-3-image1.webp
 create mode 100644 andong-atlas/public/assets/relay/document/stage-3-image10.webp
 create mode 100644 andong-atlas/public/assets/relay/document/stage-3-image11.webp
 create mode 100644 andong-atlas/public/assets/relay/document/stage-3-image12.webp
 create mode 100644 andong-atlas/public/assets/relay/document/stage-3-image13.webp
 create mode 100644 andong-atlas/public/assets/relay/document/stage-3-image14.webp
 create mode 100644 andong-atlas/public/assets/relay/document/stage-3-image15.webp
 create mode 100644 andong-atlas/public/assets/relay/document/stage-3-image16.webp
 create mode 100644 andong-atlas/public/assets/relay/document/stage-3-image17.webp
 create mode 100644 andong-atlas/public/assets/relay/document/stage-3-image18.webp
 create mode 100644 andong-atlas/public/assets/relay/document/stage-3-image19.webp
 create mode 100644 andong-atlas/public/assets/relay/document/stage-3-image2.webp
 create mode 100644 andong-atlas/public/assets/relay/document/stage-3-image20.webp
 create mode 100644 andong-atlas/public/assets/relay/document/stage-3-image21.webp
 create mode 100644 andong-atlas/public/assets/relay/document/stage-3-image22.webp
 create mode 100644 andong-atlas/public/assets/relay/document/stage-3-image23.webp
 create mode 100644 andong-atlas/public/assets/relay/document/stage-3-image24.webp
 create mode 100644 andong-atlas/public/assets/relay/document/stage-3-image25.webp
 create mode 100644 andong-atlas/public/assets/relay/document/stage-3-image26.webp
 create mode 100644 andong-atlas/public/assets/relay/document/stage-3-image27.webp
 create mode 100644 andong-atlas/public/assets/relay/document/stage-3-image3.webp
 create mode 100644 andong-atlas/public/assets/relay/document/stage-3-image4.webp
 create mode 100644 andong-atlas/public/assets/relay/document/stage-3-image5.webp
 create mode 100644 andong-atlas/public/assets/relay/document/stage-3-image6.webp
 create mode 100644 andong-atlas/public/assets/relay/document/stage-3-image7.webp
 create mode 100644 andong-atlas/public/assets/relay/document/stage-3-image8.webp
 create mode 100644 andong-atlas/public/assets/relay/document/stage-3-image9.webp
 create mode 100644 andong-atlas/public/assets/relay/document/stage-4-image1.webp
 create mode 100644 andong-atlas/public/assets/relay/document/stage-4-image10.webp
 create mode 100644 andong-atlas/public/assets/relay/document/stage-4-image11.webp
 create mode 100644 andong-atlas/public/assets/relay/document/stage-4-image12.webp
 create mode 100644 andong-atlas/public/assets/relay/document/stage-4-image13.webp
 create mode 100644 andong-atlas/public/assets/relay/document/stage-4-image14.webp
 create mode 100644 andong-atlas/public/assets/relay/document/stage-4-image15.webp
 create mode 100644 andong-atlas/public/assets/relay/document/stage-4-image16.webp
 create mode 100644 andong-atlas/public/assets/relay/document/stage-4-image17.webp
 create mode 100644 andong-atlas/public/assets/relay/document/stage-4-image18.webp
 create mode 100644 andong-atlas/public/assets/relay/document/stage-4-image19.webp
 create mode 100644 andong-atlas/public/assets/relay/document/stage-4-image2.webp
 create mode 100644 andong-atlas/public/assets/relay/document/stage-4-image20.webp
 create mode 100644 andong-atlas/public/assets/relay/document/stage-4-image21.webp
 create mode 100644 andong-atlas/public/assets/relay/document/stage-4-image22.webp
 create mode 100644 andong-atlas/public/assets/relay/document/stage-4-image23.webp
 create mode 100644 andong-atlas/public/assets/relay/document/stage-4-image24.webp
 create mode 100644 andong-atlas/public/assets/relay/document/stage-4-image25.webp
 create mode 100644 andong-atlas/public/assets/relay/document/stage-4-image26.webp
 create mode 100644 andong-atlas/public/assets/relay/document/stage-4-image27.webp
 create mode 100644 andong-atlas/public/assets/relay/document/stage-4-image28.webp
 create mode 100644 andong-atlas/public/assets/relay/document/stage-4-image29.webp
 create mode 100644 andong-atlas/public/assets/relay/document/stage-4-image3.webp
 create mode 100644 andong-atlas/public/assets/relay/document/stage-4-image30.webp
 create mode 100644 andong-atlas/public/assets/relay/document/stage-4-image31.webp
 create mode 100644 andong-atlas/public/assets/relay/document/stage-4-image32.webp
 create mode 100644 andong-atlas/public/assets/relay/document/stage-4-image33.webp
 create mode 100644 andong-atlas/public/assets/relay/document/stage-4-image34.webp
 create mode 100644 andong-atlas/public/assets/relay/document/stage-4-image35.webp
 create mode 100644 andong-atlas/public/assets/relay/document/stage-4-image36.webp
 create mode 100644 andong-atlas/public/assets/relay/document/stage-4-image37.webp
 create mode 100644 andong-atlas/public/assets/relay/document/stage-4-image38.webp
 create mode 100644 andong-atlas/public/assets/relay/document/stage-4-image39.webp
 create mode 100644 andong-atlas/public/assets/relay/document/stage-4-image4.webp
 create mode 100644 andong-atlas/public/assets/relay/document/stage-4-image40.webp
 create mode 100644 andong-atlas/public/assets/relay/document/stage-4-image41.webp
 create mode 100644 andong-atlas/public/assets/relay/document/stage-4-image42.webp
 create mode 100644 andong-atlas/public/assets/relay/document/stage-4-image43.webp
 create mode 100644 andong-atlas/public/assets/relay/document/stage-4-image44.webp
 create mode 100644 andong-atlas/public/assets/relay/document/stage-4-image45.webp
 create mode 100644 andong-atlas/public/assets/relay/document/stage-4-image46.webp
 create mode 100644 andong-atlas/public/assets/relay/document/stage-4-image47.webp
 create mode 100644 andong-atlas/public/assets/relay/document/stage-4-image48.webp
 create mode 100644 andong-atlas/public/assets/relay/document/stage-4-image49.webp
 create mode 100644 andong-atlas/public/assets/relay/document/stage-4-image5.webp
 create mode 100644 andong-atlas/public/assets/relay/document/stage-4-image50.webp
 create mode 100644 andong-atlas/public/assets/relay/document/stage-4-image51.webp
 create mode 100644 andong-atlas/public/assets/relay/document/stage-4-image52.webp
 create mode 100644 andong-atlas/public/assets/relay/document/stage-4-image53.webp
 create mode 100644 andong-atlas/public/assets/relay/document/stage-4-image54.webp
 create mode 100644 andong-atlas/public/assets/relay/document/stage-4-image55.webp
 create mode 100644 andong-atlas/public/assets/relay/document/stage-4-image56.webp
 create mode 100644 andong-atlas/public/assets/relay/document/stage-4-image57.webp
 create mode 100644 andong-atlas/public/assets/relay/document/stage-4-image58.webp
 create mode 100644 andong-atlas/public/assets/relay/document/stage-4-image6.webp
 create mode 100644 andong-atlas/public/assets/relay/document/stage-4-image7.webp
 create mode 100644 andong-atlas/public/assets/relay/document/stage-4-image8.webp
 create mode 100644 andong-atlas/public/assets/relay/document/stage-4-image9.webp
 create mode 100644 andong-atlas/public/assets/relay/document/thumb-stage-1-image1.webp
 create mode 100644 andong-atlas/public/assets/relay/document/thumb-stage-1-image10.webp
 create mode 100644 andong-atlas/public/assets/relay/document/thumb-stage-1-image11.webp
 create mode 100644 andong-atlas/public/assets/relay/document/thumb-stage-1-image12.webp
 create mode 100644 andong-atlas/public/assets/relay/document/thumb-stage-1-image13.webp
 create mode 100644 andong-atlas/public/assets/relay/document/thumb-stage-1-image14.webp
 create mode 100644 andong-atlas/public/assets/relay/document/thumb-stage-1-image15.webp
 create mode 100644 andong-atlas/public/assets/relay/document/thumb-stage-1-image16.webp
 create mode 100644 andong-atlas/public/assets/relay/document/thumb-stage-1-image17.webp
 create mode 100644 andong-atlas/public/assets/relay/document/thumb-stage-1-image18.webp
 create mode 100644 andong-atlas/public/assets/relay/document/thumb-stage-1-image2.webp
 create mode 100644 andong-atlas/public/assets/relay/document/thumb-stage-1-image3.webp
 create mode 100644 andong-atlas/public/assets/relay/document/thumb-stage-1-image4.webp
 create mode 100644 andong-atlas/public/assets/relay/document/thumb-stage-1-image5.webp
 create mode 100644 andong-atlas/public/assets/relay/document/thumb-stage-1-image6.webp
 create mode 100644 andong-atlas/public/assets/relay/document/thumb-stage-1-image7.webp
 create mode 100644 andong-atlas/public/assets/relay/document/thumb-stage-1-image8.webp
 create mode 100644 andong-atlas/public/assets/relay/document/thumb-stage-1-image9.webp
 create mode 100644 andong-atlas/public/assets/relay/document/thumb-stage-2-image1.webp
 create mode 100644 andong-atlas/public/assets/relay/document/thumb-stage-2-image10.webp
 create mode 100644 andong-atlas/public/assets/relay/document/thumb-stage-2-image11.webp
 create mode 100644 andong-atlas/public/assets/relay/document/thumb-stage-2-image2.webp
 create mode 100644 andong-atlas/public/assets/relay/document/thumb-stage-2-image3.webp
 create mode 100644 andong-atlas/public/assets/relay/document/thumb-stage-2-image4.webp
 create mode 100644 andong-atlas/public/assets/relay/document/thumb-stage-2-image5.webp
 create mode 100644 andong-atlas/public/assets/relay/document/thumb-stage-2-image6.webp
 create mode 100644 andong-atlas/public/assets/relay/document/thumb-stage-2-image7.webp
 create mode 100644 andong-atlas/public/assets/relay/document/thumb-stage-2-image8.webp
 create mode 100644 andong-atlas/public/assets/relay/document/thumb-stage-2-image9.webp
 create mode 100644 andong-atlas/public/assets/relay/document/thumb-stage-3-image1.webp
 create mode 100644 andong-atlas/public/assets/relay/document/thumb-stage-3-image10.webp
 create mode 100644 andong-atlas/public/assets/relay/document/thumb-stage-3-image11.webp
 create mode 100644 andong-atlas/public/assets/relay/document/thumb-stage-3-image12.webp
 create mode 100644 andong-atlas/public/assets/relay/document/thumb-stage-3-image13.webp
 create mode 100644 andong-atlas/public/assets/relay/document/thumb-stage-3-image14.webp
 create mode 100644 andong-atlas/public/assets/relay/document/thumb-stage-3-image15.webp
 create mode 100644 andong-atlas/public/assets/relay/document/thumb-stage-3-image16.webp
 create mode 100644 andong-atlas/public/assets/relay/document/thumb-stage-3-image17.webp
 create mode 100644 andong-atlas/public/assets/relay/document/thumb-stage-3-image18.webp
 create mode 100644 andong-atlas/public/assets/relay/document/thumb-stage-3-image19.webp
 create mode 100644 andong-atlas/public/assets/relay/document/thumb-stage-3-image2.webp
 create mode 100644 andong-atlas/public/assets/relay/document/thumb-stage-3-image20.webp
 create mode 100644 andong-atlas/public/assets/relay/document/thumb-stage-3-image21.webp
 create mode 100644 andong-atlas/public/assets/relay/document/thumb-stage-3-image22.webp
 create mode 100644 andong-atlas/public/assets/relay/document/thumb-stage-3-image23.webp
 create mode 100644 andong-atlas/public/assets/relay/document/thumb-stage-3-image24.webp
 create mode 100644 andong-atlas/public/assets/relay/document/thumb-stage-3-image25.webp
 create mode 100644 andong-atlas/public/assets/relay/document/thumb-stage-3-image26.webp
 create mode 100644 andong-atlas/public/assets/relay/document/thumb-stage-3-image27.webp
 create mode 100644 andong-atlas/public/assets/relay/document/thumb-stage-3-image3.webp
 create mode 100644 andong-atlas/public/assets/relay/document/thumb-stage-3-image4.webp
 create mode 100644 andong-atlas/public/assets/relay/document/thumb-stage-3-image5.webp
 create mode 100644 andong-atlas/public/assets/relay/document/thumb-stage-3-image6.webp
 create mode 100644 andong-atlas/public/assets/relay/document/thumb-stage-3-image7.webp
 create mode 100644 andong-atlas/public/assets/relay/document/thumb-stage-3-image8.webp
 create mode 100644 andong-atlas/public/assets/relay/document/thumb-stage-3-image9.webp
 create mode 100644 andong-atlas/public/assets/relay/document/thumb-stage-4-image1.webp
 create mode 100644 andong-atlas/public/assets/relay/document/thumb-stage-4-image10.webp
 create mode 100644 andong-atlas/public/assets/relay/document/thumb-stage-4-image11.webp
 create mode 100644 andong-atlas/public/assets/relay/document/thumb-stage-4-image12.webp
 create mode 100644 andong-atlas/public/assets/relay/document/thumb-stage-4-image13.webp
 create mode 100644 andong-atlas/public/assets/relay/document/thumb-stage-4-image14.webp
 create mode 100644 andong-atlas/public/assets/relay/document/thumb-stage-4-image15.webp
 create mode 100644 andong-atlas/public/assets/relay/document/thumb-stage-4-image16.webp
 create mode 100644 andong-atlas/public/assets/relay/document/thumb-stage-4-image17.webp
 create mode 100644 andong-atlas/public/assets/relay/document/thumb-stage-4-image18.webp
 create mode 100644 andong-atlas/public/assets/relay/document/thumb-stage-4-image19.webp
 create mode 100644 andong-atlas/public/assets/relay/document/thumb-stage-4-image2.webp
 create mode 100644 andong-atlas/public/assets/relay/document/thumb-stage-4-image20.webp
 create mode 100644 andong-atlas/public/assets/relay/document/thumb-stage-4-image21.webp
 create mode 100644 andong-atlas/public/assets/relay/document/thumb-stage-4-image22.webp
 create mode 100644 andong-atlas/public/assets/relay/document/thumb-stage-4-image23.webp
 create mode 100644 andong-atlas/public/assets/relay/document/thumb-stage-4-image24.webp
 create mode 100644 andong-atlas/public/assets/relay/document/thumb-stage-4-image25.webp
 create mode 100644 andong-atlas/public/assets/relay/document/thumb-stage-4-image26.webp
 create mode 100644 andong-atlas/public/assets/relay/document/thumb-stage-4-image27.webp
 create mode 100644 andong-atlas/public/assets/relay/document/thumb-stage-4-image28.webp
 create mode 100644 andong-atlas/public/assets/relay/document/thumb-stage-4-image29.webp
 create mode 100644 andong-atlas/public/assets/relay/document/thumb-stage-4-image3.webp
 create mode 100644 andong-atlas/public/assets/relay/document/thumb-stage-4-image30.webp
 create mode 100644 andong-atlas/public/assets/relay/document/thumb-stage-4-image31.webp
 create mode 100644 andong-atlas/public/assets/relay/document/thumb-stage-4-image32.webp
 create mode 100644 andong-atlas/public/assets/relay/document/thumb-stage-4-image33.webp
 create mode 100644 andong-atlas/public/assets/relay/document/thumb-stage-4-image34.webp
 create mode 100644 andong-atlas/public/assets/relay/document/thumb-stage-4-image35.webp
 create mode 100644 andong-atlas/public/assets/relay/document/thumb-stage-4-image36.webp
 create mode 100644 andong-atlas/public/assets/relay/document/thumb-stage-4-image37.webp
 create mode 100644 andong-atlas/public/assets/relay/document/thumb-stage-4-image38.webp
 create mode 100644 andong-atlas/public/assets/relay/document/thumb-stage-4-image39.webp
 create mode 100644 andong-atlas/public/assets/relay/document/thumb-stage-4-image4.webp
 create mode 100644 andong-atlas/public/assets/relay/document/thumb-stage-4-image40.webp
 create mode 100644 andong-atlas/public/assets/relay/document/thumb-stage-4-image41.webp
 create mode 100644 andong-atlas/public/assets/relay/document/thumb-stage-4-image42.webp
 create mode 100644 andong-atlas/public/assets/relay/document/thumb-stage-4-image43.webp
 create mode 100644 andong-atlas/public/assets/relay/document/thumb-stage-4-image44.webp
 create mode 100644 andong-atlas/public/assets/relay/document/thumb-stage-4-image45.webp
 create mode 100644 andong-atlas/public/assets/relay/document/thumb-stage-4-image46.webp
 create mode 100644 andong-atlas/public/assets/relay/document/thumb-stage-4-image47.webp
 create mode 100644 andong-atlas/public/assets/relay/document/thumb-stage-4-image48.webp
 create mode 100644 andong-atlas/public/assets/relay/document/thumb-stage-4-image49.webp
 create mode 100644 andong-atlas/public/assets/relay/document/thumb-stage-4-image5.webp
 create mode 100644 andong-atlas/public/assets/relay/document/thumb-stage-4-image50.webp
 create mode 100644 andong-atlas/public/assets/relay/document/thumb-stage-4-image51.webp
 create mode 100644 andong-atlas/public/assets/relay/document/thumb-stage-4-image52.webp
 create mode 100644 andong-atlas/public/assets/relay/document/thumb-stage-4-image53.webp
 create mode 100644 andong-atlas/public/assets/relay/document/thumb-stage-4-image54.webp
 create mode 100644 andong-atlas/public/assets/relay/document/thumb-stage-4-image55.webp
 create mode 100644 andong-atlas/public/assets/relay/document/thumb-stage-4-image56.webp
 create mode 100644 andong-atlas/public/assets/relay/document/thumb-stage-4-image57.webp
 create mode 100644 andong-atlas/public/assets/relay/document/thumb-stage-4-image58.webp
 create mode 100644 andong-atlas/public/assets/relay/document/thumb-stage-4-image6.webp
 create mode 100644 andong-atlas/public/assets/relay/document/thumb-stage-4-image7.webp
 create mode 100644 andong-atlas/public/assets/relay/document/thumb-stage-4-image8.webp
 create mode 100644 andong-atlas/public/assets/relay/document/thumb-stage-4-image9.webp
 create mode 100644 andong-atlas/public/assets/relay/materials/brick_wall_001_diffuse.jpg
 create mode 100644 andong-atlas/public/assets/relay/materials/brick_wall_001_nor_gl.jpg
 create mode 100644 andong-atlas/public/assets/relay/materials/brick_wall_001_rough.jpg
 create mode 100644 andong-atlas/public/assets/relay/materials/clay_plaster_diffuse.jpg
 create mode 100644 andong-atlas/public/assets/relay/materials/clay_plaster_nor_gl.jpg
 create mode 100644 andong-atlas/public/assets/relay/materials/clay_plaster_rough.jpg
 create mode 100644 andong-atlas/public/assets/relay/materials/cobblestone_floor_02_diffuse.jpg
 create mode 100644 andong-atlas/public/assets/relay/materials/cobblestone_floor_02_nor_gl.jpg
 create mode 100644 andong-atlas/public/assets/relay/materials/cobblestone_floor_02_rough.jpg
 create mode 100644 andong-atlas/public/assets/relay/materials/fabric_pattern_05_diffuse.jpg
 create mode 100644 andong-atlas/public/assets/relay/materials/fabric_pattern_05_nor_gl.jpg
 create mode 100644 andong-atlas/public/assets/relay/materials/fabric_pattern_05_rough.jpg
 create mode 100644 andong-atlas/public/assets/relay/materials/forest_ground_04_diffuse.jpg
 create mode 100644 andong-atlas/public/assets/relay/materials/forest_ground_04_nor_gl.jpg
 create mode 100644 andong-atlas/public/assets/relay/materials/forest_ground_04_rough.jpg
 create mode 100644 andong-atlas/public/assets/relay/materials/pine_bark_diffuse.jpg
 create mode 100644 andong-atlas/public/assets/relay/materials/pine_bark_nor_gl.jpg
 create mode 100644 andong-atlas/public/assets/relay/materials/pine_bark_rough.jpg
 create mode 100644 andong-atlas/public/assets/relay/materials/pine_needles_alpha.jpg
 create mode 100644 andong-atlas/public/assets/relay/materials/pine_needles_diffuse.jpg
 create mode 100644 andong-atlas/public/assets/relay/materials/pine_needles_nor_gl.jpg
 create mode 100644 andong-atlas/public/assets/relay/materials/pine_needles_rough.jpg
 create mode 100644 andong-atlas/public/assets/relay/materials/qwantani_night_puresky_hdri.hdr
 create mode 100644 andong-atlas/public/assets/relay/materials/qwantani_sunset_puresky_hdri.hdr
 create mode 100644 andong-atlas/public/assets/relay/materials/square_tiles_diffuse.jpg
 create mode 100644 andong-atlas/public/assets/relay/materials/square_tiles_nor_gl.jpg
 create mode 100644 andong-atlas/public/assets/relay/materials/square_tiles_rough.jpg
 create mode 100644 andong-atlas/public/assets/relay/materials/studio_small_09_hdri.hdr
 create mode 100644 andong-atlas/public/assets/relay/materials/wood_floor_diffuse.jpg
 create mode 100644 andong-atlas/public/assets/relay/materials/wood_floor_nor_gl.jpg
 create mode 100644 andong-atlas/public/assets/relay/materials/wood_floor_rough.jpg
 create mode 100644 andong-atlas/public/assets/relay/materials/wood_table_diffuse.jpg
 create mode 100644 andong-atlas/public/assets/relay/materials/wood_table_nor_gl.jpg
 create mode 100644 andong-atlas/public/assets/relay/materials/wood_table_rough.jpg
 create mode 100644 andong-atlas/public/assets/relay/models/wooden_bowl_01/textures/wooden_bowl_01_arm_1k.jpg
 create mode 100644 andong-atlas/public/assets/relay/models/wooden_bowl_01/textures/wooden_bowl_01_diff_1k.jpg
 create mode 100644 andong-atlas/public/assets/relay/models/wooden_bowl_01/textures/wooden_bowl_01_nor_gl_1k.jpg
 create mode 100644 andong-atlas/public/assets/relay/models/wooden_bowl_01/wooden_bowl_01.bin
 create mode 100644 andong-atlas/public/assets/relay/models/wooden_bowl_01/wooden_bowl_01.gltf
 create mode 100644 andong-atlas/public/data/analysis.json
 create mode 100644 andong-atlas/public/data/boundaries.json
 create mode 100644 andong-atlas/public/data/buildings.json
 create mode 100644 andong-atlas/public/data/buildings.json.gz
 create mode 100644 andong-atlas/public/data/district.json
 create mode 100644 andong-atlas/public/data/district.json.gz
 create mode 100644 andong-atlas/public/data/facilities.json
 create mode 100644 andong-atlas/public/data/heritage-media.json
 create mode 100644 andong-atlas/public/data/journey.json
 create mode 100644 andong-atlas/public/data/journey.json.gz
 create mode 100644 andong-atlas/public/data/manifest.json
 create mode 100644 andong-atlas/public/data/map.json
 create mode 100644 andong-atlas/public/data/map.json.gz
 create mode 100644 andong-atlas/public/data/place-media.json
 create mode 100644 andong-atlas/public/data/regions.json
 create mode 100644 andong-atlas/public/data/regions/area-0-4.json
 create mode 100644 andong-atlas/public/data/regions/area-0-4.json.gz
 create mode 100644 andong-atlas/public/data/regions/area-0-5.json
 create mode 100644 andong-atlas/public/data/regions/area-0-5.json.gz
 create mode 100644 andong-atlas/public/data/regions/area-0-6.json
 create mode 100644 andong-atlas/public/data/regions/area-0-6.json.gz
 create mode 100644 andong-atlas/public/data/regions/area-1-4.json
 create mode 100644 andong-atlas/public/data/regions/area-1-4.json.gz
 create mode 100644 andong-atlas/public/data/regions/area-1-5.json
 create mode 100644 andong-atlas/public/data/regions/area-1-5.json.gz
 create mode 100644 andong-atlas/public/data/regions/area-1-6.json
 create mode 100644 andong-atlas/public/data/regions/area-1-6.json.gz
 create mode 100644 andong-atlas/public/data/regions/area-1-7.json
 create mode 100644 andong-atlas/public/data/regions/area-1-7.json.gz
 create mode 100644 andong-atlas/public/data/regions/area-10-10.json
 create mode 100644 andong-atlas/public/data/regions/area-10-10.json.gz
 create mode 100644 andong-atlas/public/data/regions/area-10-2.json
 create mode 100644 andong-atlas/public/data/regions/area-10-2.json.gz
 create mode 100644 andong-atlas/public/data/regions/area-10-3.json
 create mode 100644 andong-atlas/public/data/regions/area-10-3.json.gz
 create mode 100644 andong-atlas/public/data/regions/area-10-4.json
 create mode 100644 andong-atlas/public/data/regions/area-10-4.json.gz
 create mode 100644 andong-atlas/public/data/regions/area-10-5.json
 create mode 100644 andong-atlas/public/data/regions/area-10-5.json.gz
 create mode 100644 andong-atlas/public/data/regions/area-10-6.json
 create mode 100644 andong-atlas/public/data/regions/area-10-6.json.gz
 create mode 100644 andong-atlas/public/data/regions/area-10-7.json
 create mode 100644 andong-atlas/public/data/regions/area-10-7.json.gz
 create mode 100644 andong-atlas/public/data/regions/area-10-8.json
 create mode 100644 andong-atlas/public/data/regions/area-10-8.json.gz
 create mode 100644 andong-atlas/public/data/regions/area-10-9.json
 create mode 100644 andong-atlas/public/data/regions/area-10-9.json.gz
 create mode 100644 andong-atlas/public/data/regions/area-2-3.json
 create mode 100644 andong-atlas/public/data/regions/area-2-3.json.gz
 create mode 100644 andong-atlas/public/data/regions/area-2-4.json
 create mode 100644 andong-atlas/public/data/regions/area-2-4.json.gz
 create mode 100644 andong-atlas/public/data/regions/area-2-5.json
 create mode 100644 andong-atlas/public/data/regions/area-2-5.json.gz
 create mode 100644 andong-atlas/public/data/regions/area-2-6.json
 create mode 100644 andong-atlas/public/data/regions/area-2-6.json.gz
 create mode 100644 andong-atlas/public/data/regions/area-2-7.json
 create mode 100644 andong-atlas/public/data/regions/area-2-7.json.gz
 create mode 100644 andong-atlas/public/data/regions/area-2-8.json
 create mode 100644 andong-atlas/public/data/regions/area-2-8.json.gz
 create mode 100644 andong-atlas/public/data/regions/area-3-2.json
 create mode 100644 andong-atlas/public/data/regions/area-3-2.json.gz
 create mode 100644 andong-atlas/public/data/regions/area-3-3.json
 create mode 100644 andong-atlas/public/data/regions/area-3-3.json.gz
 create mode 100644 andong-atlas/public/data/regions/area-3-4.json
 create mode 100644 andong-atlas/public/data/regions/area-3-4.json.gz
 create mode 100644 andong-atlas/public/data/regions/area-3-5.json
 create mode 100644 andong-atlas/public/data/regions/area-3-5.json.gz
 create mode 100644 andong-atlas/public/data/regions/area-3-6.json
 create mode 100644 andong-atlas/public/data/regions/area-3-6.json.gz
 create mode 100644 andong-atlas/public/data/regions/area-3-7.json
 create mode 100644 andong-atlas/public/data/regions/area-3-7.json.gz
 create mode 100644 andong-atlas/public/data/regions/area-3-8.json
 create mode 100644 andong-atlas/public/data/regions/area-3-8.json.gz
 create mode 100644 andong-atlas/public/data/regions/area-3-9.json
 create mode 100644 andong-atlas/public/data/regions/area-3-9.json.gz
 create mode 100644 andong-atlas/public/data/regions/area-4-3.json
 create mode 100644 andong-atlas/public/data/regions/area-4-3.json.gz
 create mode 100644 andong-atlas/public/data/regions/area-4-4.json
 create mode 100644 andong-atlas/public/data/regions/area-4-4.json.gz
 create mode 100644 andong-atlas/public/data/regions/area-4-5.json
 create mode 100644 andong-atlas/public/data/regions/area-4-5.json.gz
 create mode 100644 andong-atlas/public/data/regions/area-4-6.json
 create mode 100644 andong-atlas/public/data/regions/area-4-6.json.gz
 create mode 100644 andong-atlas/public/data/regions/area-4-7.json
 create mode 100644 andong-atlas/public/data/regions/area-4-7.json.gz
 create mode 100644 andong-atlas/public/data/regions/area-4-8.json
 create mode 100644 andong-atlas/public/data/regions/area-4-8.json.gz
 create mode 100644 andong-atlas/public/data/regions/area-4-9.json
 create mode 100644 andong-atlas/public/data/regions/area-4-9.json.gz
 create mode 100644 andong-atlas/public/data/regions/area-5-10.json
 create mode 100644 andong-atlas/public/data/regions/area-5-10.json.gz
 create mode 100644 andong-atlas/public/data/regions/area-5-11.json
 create mode 100644 andong-atlas/public/data/regions/area-5-11.json.gz
 create mode 100644 andong-atlas/public/data/regions/area-5-3.json
 create mode 100644 andong-atlas/public/data/regions/area-5-3.json.gz
 create mode 100644 andong-atlas/public/data/regions/area-5-4.json
 create mode 100644 andong-atlas/public/data/regions/area-5-4.json.gz
 create mode 100644 andong-atlas/public/data/regions/area-5-5.json
 create mode 100644 andong-atlas/public/data/regions/area-5-5.json.gz
 create mode 100644 andong-atlas/public/data/regions/area-5-6.json
 create mode 100644 andong-atlas/public/data/regions/area-5-6.json.gz
 create mode 100644 andong-atlas/public/data/regions/area-5-7.json
 create mode 100644 andong-atlas/public/data/regions/area-5-7.json.gz
 create mode 100644 andong-atlas/public/data/regions/area-5-8.json
 create mode 100644 andong-atlas/public/data/regions/area-5-8.json.gz
 create mode 100644 andong-atlas/public/data/regions/area-5-9.json
 create mode 100644 andong-atlas/public/data/regions/area-5-9.json.gz
 create mode 100644 andong-atlas/public/data/regions/area-6-10.json
 create mode 100644 andong-atlas/public/data/regions/area-6-10.json.gz
 create mode 100644 andong-atlas/public/data/regions/area-6-11.json
 create mode 100644 andong-atlas/public/data/regions/area-6-11.json.gz
 create mode 100644 andong-atlas/public/data/regions/area-6-3.json
 create mode 100644 andong-atlas/public/data/regions/area-6-3.json.gz
 create mode 100644 andong-atlas/public/data/regions/area-6-4.json
 create mode 100644 andong-atlas/public/data/regions/area-6-4.json.gz
 create mode 100644 andong-atlas/public/data/regions/area-6-5.json
 create mode 100644 andong-atlas/public/data/regions/area-6-5.json.gz
 create mode 100644 andong-atlas/public/data/regions/area-6-6.json
 create mode 100644 andong-atlas/public/data/regions/area-6-6.json.gz
 create mode 100644 andong-atlas/public/data/regions/area-6-7.json
 create mode 100644 andong-atlas/public/data/regions/area-6-7.json.gz
 create mode 100644 andong-atlas/public/data/regions/area-6-8.json
 create mode 100644 andong-atlas/public/data/regions/area-6-8.json.gz
 create mode 100644 andong-atlas/public/data/regions/area-6-9.json
 create mode 100644 andong-atlas/public/data/regions/area-6-9.json.gz
 create mode 100644 andong-atlas/public/data/regions/area-7-10.json
 create mode 100644 andong-atlas/public/data/regions/area-7-10.json.gz
 create mode 100644 andong-atlas/public/data/regions/area-7-11.json
 create mode 100644 andong-atlas/public/data/regions/area-7-11.json.gz
 create mode 100644 andong-atlas/public/data/regions/area-7-2.json
 create mode 100644 andong-atlas/public/data/regions/area-7-2.json.gz
 create mode 100644 andong-atlas/public/data/regions/area-7-3.json
 create mode 100644 andong-atlas/public/data/regions/area-7-3.json.gz
 create mode 100644 andong-atlas/public/data/regions/area-7-4.json
 create mode 100644 andong-atlas/public/data/regions/area-7-4.json.gz
 create mode 100644 andong-atlas/public/data/regions/area-7-5.json
 create mode 100644 andong-atlas/public/data/regions/area-7-5.json.gz
 create mode 100644 andong-atlas/public/data/regions/area-7-6.json
 create mode 100644 andong-atlas/public/data/regions/area-7-6.json.gz
 create mode 100644 andong-atlas/public/data/regions/area-7-7.json
 create mode 100644 andong-atlas/public/data/regions/area-7-7.json.gz
 create mode 100644 andong-atlas/public/data/regions/area-7-8.json
 create mode 100644 andong-atlas/public/data/regions/area-7-8.json.gz
 create mode 100644 andong-atlas/public/data/regions/area-7-9.json
 create mode 100644 andong-atlas/public/data/regions/area-7-9.json.gz
 create mode 100644 andong-atlas/public/data/regions/area-8-0.json
 create mode 100644 andong-atlas/public/data/regions/area-8-0.json.gz
 create mode 100644 andong-atlas/public/data/regions/area-8-1.json
 create mode 100644 andong-atlas/public/data/regions/area-8-1.json.gz
 create mode 100644 andong-atlas/public/data/regions/area-8-10.json
 create mode 100644 andong-atlas/public/data/regions/area-8-10.json.gz
 create mode 100644 andong-atlas/public/data/regions/area-8-11.json
 create mode 100644 andong-atlas/public/data/regions/area-8-11.json.gz
 create mode 100644 andong-atlas/public/data/regions/area-8-2.json
 create mode 100644 andong-atlas/public/data/regions/area-8-2.json.gz
 create mode 100644 andong-atlas/public/data/regions/area-8-3.json
 create mode 100644 andong-atlas/public/data/regions/area-8-3.json.gz
 create mode 100644 andong-atlas/public/data/regions/area-8-4.json
 create mode 100644 andong-atlas/public/data/regions/area-8-4.json.gz
 create mode 100644 andong-atlas/public/data/regions/area-8-5.json
 create mode 100644 andong-atlas/public/data/regions/area-8-5.json.gz
 create mode 100644 andong-atlas/public/data/regions/area-8-6.json
 create mode 100644 andong-atlas/public/data/regions/area-8-6.json.gz
 create mode 100644 andong-atlas/public/data/regions/area-8-7.json
 create mode 100644 andong-atlas/public/data/regions/area-8-7.json.gz
 create mode 100644 andong-atlas/public/data/regions/area-8-8.json
 create mode 100644 andong-atlas/public/data/regions/area-8-8.json.gz
 create mode 100644 andong-atlas/public/data/regions/area-8-9.json
 create mode 100644 andong-atlas/public/data/regions/area-8-9.json.gz
 create mode 100644 andong-atlas/public/data/regions/area-9-0.json
 create mode 100644 andong-atlas/public/data/regions/area-9-0.json.gz
 create mode 100644 andong-atlas/public/data/regions/area-9-1.json
 create mode 100644 andong-atlas/public/data/regions/area-9-1.json.gz
 create mode 100644 andong-atlas/public/data/regions/area-9-10.json
 create mode 100644 andong-atlas/public/data/regions/area-9-10.json.gz
 create mode 100644 andong-atlas/public/data/regions/area-9-2.json
 create mode 100644 andong-atlas/public/data/regions/area-9-2.json.gz
 create mode 100644 andong-atlas/public/data/regions/area-9-3.json
 create mode 100644 andong-atlas/public/data/regions/area-9-3.json.gz
 create mode 100644 andong-atlas/public/data/regions/area-9-4.json
 create mode 100644 andong-atlas/public/data/regions/area-9-4.json.gz
 create mode 100644 andong-atlas/public/data/regions/area-9-5.json
 create mode 100644 andong-atlas/public/data/regions/area-9-5.json.gz
 create mode 100644 andong-atlas/public/data/regions/area-9-6.json
 create mode 100644 andong-atlas/public/data/regions/area-9-6.json.gz
 create mode 100644 andong-atlas/public/data/regions/area-9-7.json
 create mode 100644 andong-atlas/public/data/regions/area-9-7.json.gz
 create mode 100644 andong-atlas/public/data/regions/area-9-8.json
 create mode 100644 andong-atlas/public/data/regions/area-9-8.json.gz
 create mode 100644 andong-atlas/public/data/regions/area-9-9.json
 create mode 100644 andong-atlas/public/data/regions/area-9-9.json.gz
 create mode 100644 andong-atlas/public/data/regions/bongjeong.json
 create mode 100644 andong-atlas/public/data/regions/bongjeong.json.gz
 create mode 100644 andong-atlas/public/data/regions/byeongsan.json
 create mode 100644 andong-atlas/public/data/regions/byeongsan.json.gz
 create mode 100644 andong-atlas/public/data/regions/dosan.json
 create mode 100644 andong-atlas/public/data/regions/dosan.json.gz
 create mode 100644 andong-atlas/public/data/regions/hahoe.json
 create mode 100644 andong-atlas/public/data/regions/hahoe.json.gz
 create mode 100644 andong-atlas/public/data/regions/station.json
 create mode 100644 andong-atlas/public/data/regions/station.json.gz
 create mode 100644 andong-atlas/public/data/relay-document-photos.json
 create mode 100644 andong-atlas/public/data/relay-materials.json
 create mode 100644 andong-atlas/public/data/relay-media.json
 create mode 100644 andong-atlas/public/data/relay-model-assets.json
 create mode 100644 andong-atlas/public/data/relay-research.json
 create mode 100644 andong-atlas/public/data/report-effects.json
 create mode 100644 andong-atlas/public/data/restaurant-info.json
 create mode 100644 andong-atlas/public/data/solution.json
 create mode 100644 andong-atlas/public/data/terrain.json
 create mode 100644 andong-atlas/public/data/tourism-map.json
 create mode 100644 andong-atlas/public/data/transport.json
 create mode 100644 andong-atlas/public/design-preview/atlas-design.css
 create mode 100644 andong-atlas/public/design-preview/atlas-design.js
 create mode 100644 andong-atlas/public/design-preview/index.html
 create mode 100644 andong-atlas/public/design-preview/place-media-model.js
 create mode 100644 andong-atlas/public/design-preview/shell.js
 create mode 100644 andong-atlas/public/design-preview/variants.css
 create mode 100644 andong-atlas/public/favicon.svg
 create mode 100644 andong-atlas/public/fonts/OFL-Pretendard.txt
 create mode 100644 andong-atlas/public/fonts/PretendardVariable.woff2
 create mode 100644 andong-atlas/public/media/relay/hahoe.jpg
 create mode 100644 andong-atlas/public/media/relay/jjimdak.jpg
 create mode 100644 andong-atlas/public/media/relay/mask.jpg
 create mode 100644 andong-atlas/public/media/relay/maskdance.jpg
 create mode 100644 andong-atlas/public/media/relay/moon.jpg
 create mode 100644 andong-atlas/public/media/relay/soju.jpg
 create mode 100644 andong-atlas/public/media/relay/station.jpg
 create mode 100644 andong-atlas/public/media/relay/tea.jpg
 create mode 100644 andong-atlas/scripts/collect-relay-atmosphere.py
 create mode 100644 andong-atlas/scripts/collect-relay-media.py
 create mode 100644 andong-atlas/scripts/collect-relay-realism.py
 create mode 100644 andong-atlas/scripts/compress-data.mjs
 create mode 100644 andong-atlas/scripts/export-report.py
 create mode 100644 andong-atlas/scripts/fetch-relay-materials.mjs
 create mode 100644 andong-atlas/scripts/import-gba.py
 create mode 100644 andong-atlas/scripts/merge-buildings.py
 create mode 100644 andong-atlas/scripts/prepare-data.mjs
 create mode 100644 andong-atlas/scripts/prepare-district-terrain.mjs
 create mode 100644 andong-atlas/scripts/prepare-district.py
 create mode 100644 andong-atlas/scripts/prepare-facilities.py
 create mode 100644 andong-atlas/scripts/prepare-heritage-media.py
 create mode 100644 andong-atlas/scripts/prepare-heritage.py
 create mode 100644 andong-atlas/scripts/prepare-journey.py
 create mode 100644 andong-atlas/scripts/prepare-parks.py
 create mode 100644 andong-atlas/scripts/prepare-place-media.py
 create mode 100644 andong-atlas/scripts/prepare-regions.py
 create mode 100644 andong-atlas/scripts/prepare-relay-document-photos.py
 create mode 100644 andong-atlas/scripts/prepare-relay-research.py
 create mode 100644 andong-atlas/scripts/prepare-restaurant-info.py
 create mode 100644 andong-atlas/scripts/prepare-solution.py
 create mode 100644 andong-atlas/scripts/prepare-street-assets.py
 create mode 100644 andong-atlas/scripts/prepare-tourism-map.mjs
 create mode 100644 andong-atlas/scripts/prepare-transport.py
 create mode 100644 andong-atlas/scripts/prepare-water.py
 create mode 100644 andong-atlas/scripts/restaurant_identity.py
 create mode 100644 andong-atlas/server.mjs
 create mode 100644 andong-atlas/src/activity.js
 create mode 100644 andong-atlas/src/atlas-design.css
 create mode 100644 andong-atlas/src/atlas-design.js
 create mode 100644 andong-atlas/src/atlas-home.css
 create mode 100644 andong-atlas/src/bridge-model.js
 create mode 100644 andong-atlas/src/bridge-surface.js
 create mode 100644 andong-atlas/src/building-geometry.js
 create mode 100644 andong-atlas/src/building-style.js
 create mode 100644 andong-atlas/src/city-detail.js
 create mode 100644 andong-atlas/src/district-scene.js
 create mode 100644 andong-atlas/src/entry.js
 create mode 100644 andong-atlas/src/footprints.js
 create mode 100644 andong-atlas/src/geo.js
 create mode 100644 andong-atlas/src/heritage-content.js
 create mode 100644 andong-atlas/src/heritage-explorer.css
 create mode 100644 andong-atlas/src/heritage-explorer.js
 create mode 100644 andong-atlas/src/heritage-focus.js
 create mode 100644 andong-atlas/src/heritage-geometry.js
 create mode 100644 andong-atlas/src/heritage-model.js
 create mode 100644 andong-atlas/src/heritage-scene.js
 create mode 100644 andong-atlas/src/heritage-tour.js
 create mode 100644 andong-atlas/src/heritage-viewpoint.js
 create mode 100644 andong-atlas/src/heritage-visit.js
 create mode 100644 andong-atlas/src/journey-clearance.js
 create mode 100644 andong-atlas/src/journey-model.js
 create mode 100644 andong-atlas/src/journey-position.js
 create mode 100644 andong-atlas/src/journey-scene.js
 create mode 100644 andong-atlas/src/journey-ui.js
 create mode 100644 andong-atlas/src/journey.css
 create mode 100644 andong-atlas/src/layout-modes.css
 create mode 100644 andong-atlas/src/layout-modes.js
 create mode 100644 andong-atlas/src/main.js
 create mode 100644 andong-atlas/src/map-point-model.js
 create mode 100644 andong-atlas/src/map-points.css
 create mode 100644 andong-atlas/src/map-points.js
 create mode 100644 andong-atlas/src/map-water.js
 create mode 100644 andong-atlas/src/overview-cutout.js
 create mode 100644 andong-atlas/src/parks.js
 create mode 100644 andong-atlas/src/place-media-model.js
 create mode 100644 andong-atlas/src/place-media-ui.js
 create mode 100644 andong-atlas/src/place-media.css
 create mode 100644 andong-atlas/src/places.js
 create mode 100644 andong-atlas/src/popup-map-layer.js
 create mode 100644 andong-atlas/src/popup-map-overlay.js
 create mode 100644 andong-atlas/src/railway-profile.js
 create mode 100644 andong-atlas/src/railway-structure.js
 create mode 100644 andong-atlas/src/railways.js
 create mode 100644 andong-atlas/src/region-model.js
 create mode 100644 andong-atlas/src/regional-details.js
 create mode 100644 andong-atlas/src/relay-activities.js
 create mode 100644 andong-atlas/src/relay-architecture.js
 create mode 100644 andong-atlas/src/relay-atmosphere.js
 create mode 100644 andong-atlas/src/relay-audio.js
 create mode 100644 andong-atlas/src/relay-bus.js
 create mode 100644 andong-atlas/src/relay-checkout.js
 create mode 100644 andong-atlas/src/relay-details.js
 create mode 100644 andong-atlas/src/relay-dining-layout.js
 create mode 100644 andong-atlas/src/relay-dining.js
 create mode 100644 andong-atlas/src/relay-entry.css
 create mode 100644 andong-atlas/src/relay-entry.js
 create mode 100644 andong-atlas/src/relay-food.js
 create mode 100644 andong-atlas/src/relay-hands.js
 create mode 100644 andong-atlas/src/relay-hud.css
 create mode 100644 andong-atlas/src/relay-hud.js
 create mode 100644 andong-atlas/src/relay-input.js
 create mode 100644 andong-atlas/src/relay-journey-set.js
 create mode 100644 andong-atlas/src/relay-journey.js
 create mode 100644 andong-atlas/src/relay-landing.css
 create mode 100644 andong-atlas/src/relay-life.js
 create mode 100644 andong-atlas/src/relay-lighting.js
 create mode 100644 andong-atlas/src/relay-locomotion.js
 create mode 100644 andong-atlas/src/relay-market.js
 create mode 100644 andong-atlas/src/relay-materials.js
 create mode 100644 andong-atlas/src/relay-meal.js
 create mode 100644 andong-atlas/src/relay-model.js
 create mode 100644 andong-atlas/src/relay-navigation.js
 create mode 100644 andong-atlas/src/relay-passages.js
 create mode 100644 andong-atlas/src/relay-payment.js
 create mode 100644 andong-atlas/src/relay-people.js
 create mode 100644 andong-atlas/src/relay-popup-layout.js
 create mode 100644 andong-atlas/src/relay-popup-map.js
 create mode 100644 andong-atlas/src/relay-popup-postcard.js
 create mode 100644 andong-atlas/src/relay-popup-visit.js
 create mode 100644 andong-atlas/src/relay-popup.js
 create mode 100644 andong-atlas/src/relay-primitives.js
 create mode 100644 andong-atlas/src/relay-scan.js
 create mode 100644 andong-atlas/src/relay-scanned-props.js
 create mode 100644 andong-atlas/src/relay-scene.js
 create mode 100644 andong-atlas/src/relay-sets.js
 create mode 100644 andong-atlas/src/relay-story.js
 create mode 100644 andong-atlas/src/relay-task-model.js
 create mode 100644 andong-atlas/src/relay-tuho.js
 create mode 100644 andong-atlas/src/relay-ui.js
 create mode 100644 andong-atlas/src/relay-vegetation.js
 create mode 100644 andong-atlas/src/relay-vessels.js
 create mode 100644 andong-atlas/src/relay-visit.js
 create mode 100644 andong-atlas/src/relay-water.js
 create mode 100644 andong-atlas/src/relay-workshop.js
 create mode 100644 andong-atlas/src/relay.css
 create mode 100644 andong-atlas/src/report-effects.js
 create mode 100644 andong-atlas/src/restaurant-info.js
 create mode 100644 andong-atlas/src/roadview.js
 create mode 100644 andong-atlas/src/scenario-model.js
 create mode 100644 andong-atlas/src/scene.js
 create mode 100644 andong-atlas/src/select-ui.css
 create mode 100644 andong-atlas/src/select-ui.js
 create mode 100644 andong-atlas/src/solution-scene.js
 create mode 100644 andong-atlas/src/solution-ui.js
 create mode 100644 andong-atlas/src/street-light-pools.js
 create mode 100644 andong-atlas/src/style.css
 create mode 100644 andong-atlas/src/terrain-display.js
 create mode 100644 andong-atlas/src/terrain-ribbon.js
 create mode 100644 andong-atlas/src/tourism-layers.js
 create mode 100644 andong-atlas/src/tourism-map-model.js
 create mode 100644 andong-atlas/src/tourism-map-ui.js
 create mode 100644 andong-atlas/src/tourism-map.css
 create mode 100644 andong-atlas/src/traffic.js
 create mode 100644 andong-atlas/src/transit-cabin.js
 create mode 100644 andong-atlas/src/transit-people.js
 create mode 100644 andong-atlas/src/transport-model.js
 create mode 100644 andong-atlas/src/transport-ui.js
 create mode 100644 andong-atlas/src/vegetation.js
 create mode 100644 andong-atlas/src/visitor-info.css
 create mode 100644 andong-atlas/tests/city-night-lighting.test.mjs
 create mode 100644 andong-atlas/tests/data.test.mjs
 create mode 100644 andong-atlas/tests/exploration.test.mjs
 create mode 100644 andong-atlas/tests/heritage-viewpoint.test.mjs
 create mode 100644 andong-atlas/tests/heritage.test.mjs
 create mode 100644 andong-atlas/tests/journey.test.mjs
 create mode 100644 andong-atlas/tests/map-points.test.mjs
 create mode 100644 andong-atlas/tests/map-water-bridge.test.mjs
 create mode 100644 andong-atlas/tests/place-media.test.mjs
 create mode 100644 andong-atlas/tests/popup-map-layer.test.mjs
 create mode 100644 andong-atlas/tests/railway-grounding.test.mjs
 create mode 100644 andong-atlas/tests/regions.test.mjs
 create mode 100644 andong-atlas/tests/relay-assets.test.mjs
 create mode 100644 andong-atlas/tests/relay-audio.test.mjs
 create mode 100644 andong-atlas/tests/relay-dining.test.mjs
 create mode 100644 andong-atlas/tests/relay-entry.test.mjs
 create mode 100644 andong-atlas/tests/relay-geometry.test.mjs
 create mode 100644 andong-atlas/tests/relay-input.test.mjs
 create mode 100644 andong-atlas/tests/relay-journey.test.mjs
 create mode 100644 andong-atlas/tests/relay-life.test.mjs
 create mode 100644 andong-atlas/tests/relay-locomotion.test.mjs
 create mode 100644 andong-atlas/tests/relay-meal.test.mjs
 create mode 100644 andong-atlas/tests/relay-navigation.test.mjs
 create mode 100644 andong-atlas/tests/relay-passages.test.mjs
 create mode 100644 andong-atlas/tests/relay-payment.test.mjs
 create mode 100644 andong-atlas/tests/relay-popup.test.mjs
 create mode 100644 andong-atlas/tests/relay-postcard.test.mjs
 create mode 100644 andong-atlas/tests/relay-realism.test.mjs
 create mode 100644 andong-atlas/tests/relay-scenery.test.mjs
 create mode 100644 andong-atlas/tests/relay-story.test.mjs
 create mode 100644 andong-atlas/tests/relay-task.test.mjs
 create mode 100644 andong-atlas/tests/relay-water.test.mjs
 create mode 100644 andong-atlas/tests/relay-workshop-interaction.test.mjs
 create mode 100644 andong-atlas/tests/relay.test.mjs
 create mode 100644 andong-atlas/tests/tourism-map.test.mjs
 create mode 100644 andong-atlas/tests/transit-cabin.test.mjs
 create mode 100644 andong-atlas/tests/visitor-info.test.mjs
