
> andong-3d-atlas@1.24.0 prebuild
> node scripts/compress-data.mjs

map: 19.08 MB → 4.34 MB
district: 1.36 MB → 0.23 MB
buildings: 19.91 MB → 2.52 MB
journey: 2.36 MB → 0.53 MB

> andong-3d-atlas@1.24.0 build
> vite build

vite v7.3.6 building client environment for production...
transforming...
✓ 1707 modules transformed.
rendering chunks...
computing gzip size...
dist/index.html                               18.22 kB │ gzip:   6.30 kB
dist/assets/tourism-map-ui-ernRA-3G.css       14.85 kB │ gzip:   3.77 kB
dist/assets/relay-ui-DpNigWkY.css             79.86 kB │ gzip:  16.85 kB
dist/assets/main-BquLUYwE.css                 82.96 kB │ gzip:  15.96 kB
dist/assets/preload-helper-BXl3LOEh.js         1.11 kB │ gzip:   0.65 kB
dist/assets/index--3kCOdRx.js                  1.95 kB │ gzip:   1.07 kB
dist/assets/BufferGeometryUtils-Cyy3Vxrd.js    4.86 kB │ gzip:   1.48 kB
dist/assets/scene-CiGaKRgW.js                135.97 kB │ gzip:  38.87 kB
dist/assets/main-CC13ajlf.js                 458.23 kB │ gzip: 129.54 kB
dist/assets/tourism-map-ui-BUe2U0MT.js       604.17 kB │ gzip: 158.18 kB
dist/assets/relay-ui-BSKqJRVh.js             697.56 kB │ gzip: 239.97 kB

(!) Some chunks are larger than 500 kB after minification. Consider:
- Using dynamic import() to code-split the application
- Use build.rollupOptions.output.manualChunks to improve chunking: https://rollupjs.org/configuration-options/#output-manualchunks
- Adjust chunk size limit for this warning via build.chunkSizeWarningLimit.
✓ built in 3.14s
