
> andong-3d-atlas@1.31.0 prebuild
> node scripts/compress-data.mjs

map: 19.08 MB → 4.34 MB
district: 1.36 MB → 0.23 MB
buildings: 19.91 MB → 2.52 MB
journey: 2.36 MB → 0.53 MB

> andong-3d-atlas@1.31.0 build
> vite build

vite v7.3.6 building client environment for production...
transforming...
✓ 1719 modules transformed.
rendering chunks...
computing gzip size...
dist/index.html                           19.75 kB │ gzip:   6.98 kB
dist/assets/tourism-map-ui-CE3iom0B.css   15.33 kB │ gzip:   3.90 kB
dist/assets/relay-ui-9rA0jeoN.css         81.14 kB │ gzip:  17.11 kB
dist/assets/main-gX5KZbL5.css             83.85 kB │ gzip:  16.10 kB
dist/assets/preload-helper-BXl3LOEh.js     1.11 kB │ gzip:   0.65 kB
dist/assets/index-ZLrt6-QX.js              1.58 kB │ gzip:   0.87 kB
dist/assets/scene-DN9tlnWo.js            143.49 kB │ gzip:  41.67 kB
dist/assets/main-Bn4v4_V_.js             464.55 kB │ gzip: 132.11 kB
dist/assets/tourism-map-ui-C_ZNjr9J.js   624.22 kB │ gzip: 165.68 kB
dist/assets/relay-ui-CPVPFuBK.js         722.50 kB │ gzip: 248.54 kB

(!) Some chunks are larger than 500 kB after minification. Consider:
- Using dynamic import() to code-split the application
- Use build.rollupOptions.output.manualChunks to improve chunking: https://rollupjs.org/configuration-options/#output-manualchunks
- Adjust chunk size limit for this warning via build.chunkSizeWarningLimit.
✓ built in 1.74s

> andong-3d-atlas@1.31.0 postbuild
> node scripts/compress-assets.mjs

Static text: 102.15 MB → 19.61 MB
