Indexing...
Uploading...
  Build Logs: https://railway.com/project/83cb6cfa-06b7-418d-9cf9-b11d0bbe424e/service/57478b25-0457-456e-a84d-726d1d62c2d9?id=1757796e-ebfb-4432-8692-a713e5a8cbda&
CI mode enabled
scheduling build on Metal builder "builder-jcghmf"
scheduling build on Metal builder "builder-jcghmf"
fetched snapshot sha256:f40c6b666b566ee576b5238cf0bc1004ef9b4e23b8950876ccf7954efe14d577 (104 MB bytes)
fetching snapshot
unpacking archive
[internal] load build definition from Dockerfile
[internal] load build definition from Dockerfile
[internal] load build definition from Dockerfile
[internal] load build definition from Dockerfile
[internal] load metadata for docker.io/library/node:22-alpine
[internal] load metadata for docker.io/library/node:22-alpine
[internal] load .dockerignore
[internal] load .dockerignore
[internal] load .dockerignore
[internal] load .dockerignore
[build  9/10] COPY scripts/compress-assets.mjs ./scripts/compress-assets.mjs
[build  8/10] COPY scripts/compress-data.mjs ./scripts/compress-data.mjs
[build  7/10] COPY public ./public
[build  6/10] COPY src ./src
[stage-1 3/4] COPY --from=build /app/dist ./dist
[build  4/10] RUN npm ci
[build  3/10] COPY package*.json ./
[internal] load build context
[build  2/10] WORKDIR /app
[stage-1 4/4] COPY server.mjs ./
[build 10/10] RUN npm run build
[build  5/10] COPY index.html ./
[pruner 1/5] FROM docker.io/library/node:22-alpine@sha256:0a7108bf6c7bf5de370ffb1a3ed6be93d405b43ff159f681a8d18c0e2bc2e402
[pruner 1/5] FROM docker.io/library/node:22-alpine@sha256:0a7108bf6c7bf5de370ffb1a3ed6be93d405b43ff159f681a8d18c0e2bc2e402
[internal] load build context
[internal] load build context
[internal] load build context
[build  2/10] WORKDIR /app
[build  2/10] WORKDIR /app
[build  3/10] COPY package*.json ./
[build  3/10] COPY package*.json ./
[build  4/10] RUN npm ci

added 30 packages, and audited 31 packages in 3s

12 packages are looking for funding
  run `npm fund` for details


found 0 vulnerabilities

npm notice
npm notice New major version of npm available! 10.9.9 -> 12.1.0
npm notice Changelog: https://github.com/npm/cli/releases/tag/v12.1.0
npm notice To update run: npm install -g npm@12.1.0
npm notice

[build  4/10] RUN npm ci
[build  5/10] COPY index.html ./
[build  5/10] COPY index.html ./
[build  6/10] COPY src ./src
[build  6/10] COPY src ./src
[build  7/10] COPY public ./public
[build  7/10] COPY public ./public
[build  8/10] COPY scripts/compress-data.mjs ./scripts/compress-data.mjs
[build  8/10] COPY scripts/compress-data.mjs ./scripts/compress-data.mjs
[build  9/10] COPY scripts/compress-assets.mjs ./scripts/compress-assets.mjs
[build  9/10] COPY scripts/compress-assets.mjs ./scripts/compress-assets.mjs
[build 10/10] RUN npm run build

> andong-3d-atlas@1.31.0 prebuild
> node scripts/compress-data.mjs


map: 19.08 MB → 4.30 MB

district: 1.36 MB → 0.23 MB

buildings: 19.91 MB → 2.48 MB

journey: 2.36 MB → 0.53 MB


> andong-3d-atlas@1.31.0 build
> vite build


vite v7.3.6 building client environment for production...

transforming...

✓ 1719 modules transformed.

rendering chunks...

computing gzip size...

dist/index.html                           19.75 kB │ gzip:   7.10 kB

dist/assets/tourism-map-ui-CE3iom0B.css   15.33 kB │ gzip:   3.89 kB

dist/assets/relay-ui-9rA0jeoN.css         81.14 kB │ gzip:  17.01 kB

dist/assets/main-gX5KZbL5.css             83.85 kB │ gzip:  16.03 kB

dist/assets/preload-helper-BXl3LOEh.js     1.11 kB │ gzip:   0.65 kB

dist/assets/index-ZLrt6-QX.js              1.58 kB │ gzip:   0.86 kB
dist/assets/scene-DN9tlnWo.js            143.49 kB │ gzip:  41.75 kB

dist/assets/main-Bn4v4_V_.js             464.55 kB │ gzip: 132.69 kB

dist/assets/tourism-map-ui-C_ZNjr9J.js   624.22 kB │ gzip: 166.88 kB
dist/assets/relay-ui-CPVPFuBK.js         722.50 kB │ gzip: 248.89 kB


(!) Some chunks are larger than 500 kB after minification. Consider:
- Using dynamic import() to code-split the application
- Use build.rollupOptions.output.manualChunks to improve chunking: https://rollupjs.org/configuration-options/#output-manualchunks
- Adjust chunk size limit for this warning via build.chunkSizeWarningLimit.

✓ built in 4.62s


> andong-3d-atlas@1.31.0 postbuild
> node scripts/compress-assets.mjs


Static text: 102.15 MB → 19.45 MB

[build 10/10] RUN npm run build
[stage-1 3/4] COPY --from=build /app/dist ./dist
[stage-1 3/4] COPY --from=build /app/dist ./dist
[stage-1 4/4] COPY server.mjs ./
[stage-1 4/4] COPY server.mjs ./
exporting to docker image format
exporting to docker image format
containerimage.config.digest: sha256:93de526cf1c4da995cff0414d55216ddc7368a77b5dd5e5e3b6027977edd5e96
containerimage.digest: sha256:e269f3ddda5b5838cbce7e8ccdc9d639de4b28a1eb2f9f962de6eba3236ea003
containerimage.descriptor: eyJtZWRpYVR5cGUiOiJhcHBsaWNhdGlvbi92bmQub2NpLmltYWdlLm1hbmlmZXN0LnYxK2pzb24iLCJkaWdlc3QiOiJzaGEyNTY6ZTI2OWYzZGRkYTViNTgzOGNiY2U3ZThjY2RjOWQ2MzlkZTRiMjhhMWViMmY5Zjk2MmRlNmViYTMyMzZlYTAwMyIsInNpemUiOjE2MjQsImFubm90YXRpb25zIjp7Im9yZy5vcGVuY29udGFpbmVycy5pbWFnZS5jcmVhdGVkIjoiMjAyNi0wOS0zMFQxMzo1NDowMFoifSwicGxhdGZvcm0iOnsiYXJjaGl0ZWN0dXJlIjoiYW1kNjQiLCJvcyI6ImxpbnV4In19
image push
Deploy complete
