
> andong-3d-atlas@1.17.0 prebuild
> node scripts/compress-data.mjs

map: 19.08 MB → 4.34 MB
district: 1.36 MB → 0.23 MB
buildings: 19.91 MB → 2.52 MB
journey: 2.36 MB → 0.53 MB

> andong-3d-atlas@1.17.0 build
> vite build

vite v7.3.6 building client environment for production...
transforming...
✓ 1681 modules transformed.
rendering chunks...
computing gzip size...
dist/index.html                               19.99 kB │ gzip:   6.64 kB
dist/assets/relay-ui-D5TTeXMZ.css             70.43 kB │ gzip:  15.04 kB
dist/assets/main-Dn3hXRZA.css                 83.20 kB │ gzip:  16.02 kB
dist/assets/preload-helper-BXl3LOEh.js         1.11 kB │ gzip:   0.65 kB
dist/assets/index-Cfnjyztp.js                  1.90 kB │ gzip:   1.06 kB
dist/assets/scene-CS2fnu24.js                136.34 kB │ gzip:  38.97 kB
dist/assets/three.core-CsYAtVuE.js           258.50 kB │ gzip:  71.97 kB
dist/assets/BufferGeometryUtils-BBTE_nhi.js  329.15 kB │ gzip:  79.32 kB
dist/assets/main-BJuQoA7I.js                 436.72 kB │ gzip: 122.18 kB
dist/assets/relay-ui-LCZgJrYL.js             647.88 kB │ gzip: 222.52 kB

(!) Some chunks are larger than 500 kB after minification. Consider:
- Using dynamic import() to code-split the application
- Use build.rollupOptions.output.manualChunks to improve chunking: https://rollupjs.org/configuration-options/#output-manualchunks
- Adjust chunk size limit for this warning via build.chunkSizeWarningLimit.
✓ built in 5.18s
