
> andong-3d-atlas@1.23.0 prebuild
> node scripts/compress-data.mjs

map: 19.08 MB → 4.34 MB
district: 1.36 MB → 0.23 MB
buildings: 19.91 MB → 2.52 MB
journey: 2.36 MB → 0.53 MB

> andong-3d-atlas@1.23.0 build
> vite build

vite v7.3.6 building client environment for production...
transforming...
✓ 1704 modules transformed.
rendering chunks...
computing gzip size...
dist/index.html                               18.22 kB │ gzip:   6.30 kB
dist/assets/tourism-map-ui-CeYh2jxD.css       10.99 kB │ gzip:   2.97 kB
dist/assets/relay-ui-ZBn8qWwi.css             76.85 kB │ gzip:  16.23 kB
dist/assets/main-BquLUYwE.css                 82.96 kB │ gzip:  15.96 kB
dist/assets/preload-helper-BXl3LOEh.js         1.11 kB │ gzip:   0.65 kB
dist/assets/index-BTagKEZh.js                  1.95 kB │ gzip:   1.07 kB
dist/assets/BufferGeometryUtils-CQ3vf9yt.js    4.86 kB │ gzip:   1.48 kB
dist/assets/scene-DgHmYCe_.js                135.97 kB │ gzip:  38.87 kB
dist/assets/main-D1-3f93f.js                 455.72 kB │ gzip: 128.66 kB
dist/assets/tourism-map-ui-rdx5pPP8.js       596.70 kB │ gzip: 155.03 kB
dist/assets/relay-ui-2uxhbHCQ.js             701.50 kB │ gzip: 241.21 kB

(!) Some chunks are larger than 500 kB after minification. Consider:
- Using dynamic import() to code-split the application
- Use build.rollupOptions.output.manualChunks to improve chunking: https://rollupjs.org/configuration-options/#output-manualchunks
- Adjust chunk size limit for this warning via build.chunkSizeWarningLimit.
✓ built in 4.07s
